---
source: crates/fleuron/tests/font_table.rs
expression: "(output, generics)"
---
[
  {
    "pages": [],
    "fonts": [
      {
        "family": "eb garamond",
        "name": "EB Garamond Regular",
        "style": "Regular",
        "attributes": {
          "italic": false,
          "weight": 400
        },
        "variations": []
      },
      {
        "family": "eb garamond",
        "name": "EB Garamond Medium",
        "style": "Medium",
        "attributes": {
          "italic": false,
          "weight": 500
        },
        "variations": [
          {
            "tag": "wght",
            "value": 500.0
          }
        ]
      },
      {
        "family": "eb garamond",
        "name": "EB Garamond SemiBold",
        "style": "SemiBold",
        "attributes": {
          "italic": false,
          "weight": 600
        },
        "variations": [
          {
            "tag": "wght",
            "value": 600.0
          }
        ]
      },
      {
        "family": "eb garamond",
        "name": "EB Garamond Bold",
        "style": "Bold",
        "attributes": {
          "italic": false,
          "weight": 700
        },
        "variations": [
          {
            "tag": "wght",
            "value": 700.0
          }
        ]
      },
      {
        "family": "eb garamond",
        "name": "EB Garamond ExtraBold",
        "style": "ExtraBold",
        "attributes": {
          "italic": false,
          "weight": 800
        },
        "variations": [
          {
            "tag": "wght",
            "value": 800.0
          }
        ]
      },
      {
        "family": "eb garamond",
        "name": "EB Garamond Italic",
        "style": "Italic",
        "attributes": {
          "italic": true,
          "weight": 400
        },
        "variations": []
      },
      {
        "family": "eb garamond",
        "name": "EB Garamond Medium Italic",
        "style": "Medium Italic",
        "attributes": {
          "italic": true,
          "weight": 500
        },
        "variations": [
          {
            "tag": "wght",
            "value": 500.0
          }
        ]
      },
      {
        "family": "eb garamond",
        "name": "EB Garamond SemiBold Italic",
        "style": "SemiBold Italic",
        "attributes": {
          "italic": true,
          "weight": 600
        },
        "variations": [
          {
            "tag": "wght",
            "value": 600.0
          }
        ]
      },
      {
        "family": "eb garamond",
        "name": "EB Garamond Bold Italic",
        "style": "Bold Italic",
        "attributes": {
          "italic": true,
          "weight": 700
        },
        "variations": [
          {
            "tag": "wght",
            "value": 700.0
          }
        ]
      },
      {
        "family": "eb garamond",
        "name": "EB Garamond ExtraBold Italic",
        "style": "ExtraBold Italic",
        "attributes": {
          "italic": true,
          "weight": 800
        },
        "variations": [
          {
            "tag": "wght",
            "value": 800.0
          }
        ]
      }
    ],
    "warnings": []
  },
  [
    [
      "serif",
      0
    ],
    [
      "sans-serif",
      0
    ],
    [
      "monospace",
      0
    ]
  ]
]
