---
source: crates/fleuron/tests/style_tree.rs
expression: tree
---
{
  "styles": [
    {
      "font_id": 0,
      "font_family": [
        {
          "generic": "serif"
        }
      ],
      "font_size": 11.0,
      "font_style": "normal",
      "font_weight": 400,
      "color": "#000000",
      "line_height": 1.4,
      "letter_spacing": 0.0,
      "font_variant_caps": "normal",
      "text_transform": "none",
      "text_align": "left",
      "text_justify": "inter_word",
      "hanging_punctuation": {
        "first": false,
        "end": "none",
        "last": false
      },
      "text_indent": 0.0,
      "hyphens": "none",
      "orphans": 2,
      "widows": 2,
      "page": null,
      "content": "none",
      "initial_letter": 0,
      "margin": {
        "top": 0.0,
        "right": 0.0,
        "bottom": 0.0,
        "left": 0.0
      },
      "break_before": "auto",
      "break_after": "auto",
      "break_inside": "auto"
    },
    {
      "font_id": 0,
      "font_family": [
        {
          "generic": "serif"
        }
      ],
      "font_size": 11.0,
      "font_style": "normal",
      "font_weight": 400,
      "color": "#000000",
      "line_height": 1.4,
      "letter_spacing": 0.0,
      "font_variant_caps": "normal",
      "text_transform": "none",
      "text_align": "left",
      "text_justify": "inter_word",
      "hanging_punctuation": {
        "first": false,
        "end": "none",
        "last": false
      },
      "text_indent": 0.0,
      "hyphens": "none",
      "orphans": 2,
      "widows": 2,
      "page": "chapter",
      "content": "none",
      "initial_letter": 0,
      "margin": {
        "top": 0.0,
        "right": 0.0,
        "bottom": 0.0,
        "left": 0.0
      },
      "break_before": {
        "side": "recto"
      },
      "break_after": "auto",
      "break_inside": "auto"
    },
    {
      "font_id": 0,
      "font_family": [
        {
          "generic": "serif"
        }
      ],
      "font_size": 18.0,
      "font_style": "normal",
      "font_weight": 400,
      "color": "#000000",
      "line_height": 1.4,
      "letter_spacing": 0.0,
      "font_variant_caps": "normal",
      "text_transform": "none",
      "text_align": "left",
      "text_justify": "inter_word",
      "hanging_punctuation": {
        "first": false,
        "end": "none",
        "last": false
      },
      "text_indent": 0.0,
      "hyphens": "none",
      "orphans": 2,
      "widows": 2,
      "page": "chapter",
      "content": "none",
      "string_set": [
        {
          "name": "chapter",
          "value": [
            "content"
          ]
        }
      ],
      "initial_letter": 0,
      "margin": {
        "top": 0.0,
        "right": 0.0,
        "bottom": 0.0,
        "left": 0.0
      },
      "break_before": "auto",
      "break_after": "avoid",
      "break_inside": "auto"
    },
    {
      "font_id": 0,
      "font_family": [
        {
          "generic": "serif"
        }
      ],
      "font_size": 18.0,
      "font_style": "normal",
      "font_weight": 400,
      "color": "#000000",
      "line_height": 1.4,
      "letter_spacing": 0.0,
      "font_variant_caps": "normal",
      "text_transform": "none",
      "text_align": "left",
      "text_justify": "inter_word",
      "hanging_punctuation": {
        "first": false,
        "end": "none",
        "last": false
      },
      "text_indent": 0.0,
      "hyphens": "none",
      "orphans": 2,
      "widows": 2,
      "page": "chapter",
      "content": "none",
      "initial_letter": 0,
      "margin": {
        "top": 0.0,
        "right": 0.0,
        "bottom": 0.0,
        "left": 0.0
      },
      "break_before": "auto",
      "break_after": "avoid",
      "break_inside": "auto"
    },
    {
      "font_id": 0,
      "font_family": [
        {
          "generic": "serif"
        }
      ],
      "font_size": 11.0,
      "font_style": "normal",
      "font_weight": 400,
      "color": "#000000",
      "line_height": 1.4,
      "letter_spacing": 0.0,
      "font_variant_caps": "normal",
      "text_transform": "none",
      "text_align": "left",
      "text_justify": "inter_word",
      "hanging_punctuation": {
        "first": false,
        "end": "none",
        "last": false
      },
      "text_indent": 0.0,
      "hyphens": "none",
      "orphans": 2,
      "widows": 2,
      "page": "chapter",
      "content": "none",
      "initial_letter": 0,
      "margin": {
        "top": 0.0,
        "right": 0.0,
        "bottom": 0.0,
        "left": 0.0
      },
      "break_before": "auto",
      "break_after": "auto",
      "break_inside": "auto"
    },
    {
      "font_id": 5,
      "font_family": [
        {
          "generic": "serif"
        }
      ],
      "font_size": 11.0,
      "font_style": "italic",
      "font_weight": 400,
      "color": "#000000",
      "line_height": 1.4,
      "letter_spacing": 0.0,
      "font_variant_caps": "normal",
      "text_transform": "none",
      "text_align": "left",
      "text_justify": "inter_word",
      "hanging_punctuation": {
        "first": false,
        "end": "none",
        "last": false
      },
      "text_indent": 0.0,
      "hyphens": "none",
      "orphans": 2,
      "widows": 2,
      "page": "chapter",
      "content": "none",
      "initial_letter": 0,
      "margin": {
        "top": 0.0,
        "right": 0.0,
        "bottom": 0.0,
        "left": 0.0
      },
      "break_before": "auto",
      "break_after": "auto",
      "break_inside": "auto"
    },
    {
      "font_id": 0,
      "font_family": [
        {
          "generic": "serif"
        }
      ],
      "font_size": 11.0,
      "font_style": "normal",
      "font_weight": 400,
      "color": "#000000",
      "line_height": 1.4,
      "letter_spacing": 0.0,
      "font_variant_caps": "normal",
      "text_transform": "none",
      "text_align": "left",
      "text_justify": "inter_word",
      "hanging_punctuation": {
        "first": false,
        "end": "none",
        "last": false
      },
      "text_indent": 13.200001,
      "hyphens": "none",
      "orphans": 2,
      "widows": 2,
      "page": "chapter",
      "content": "none",
      "initial_letter": 0,
      "margin": {
        "top": 0.0,
        "right": 0.0,
        "bottom": 0.0,
        "left": 0.0
      },
      "break_before": "auto",
      "break_after": "auto",
      "break_inside": "auto"
    },
    {
      "font_id": 5,
      "font_family": [
        {
          "generic": "serif"
        }
      ],
      "font_size": 11.0,
      "font_style": "italic",
      "font_weight": 400,
      "color": "#000000",
      "line_height": 1.4,
      "letter_spacing": 0.0,
      "font_variant_caps": "normal",
      "text_transform": "none",
      "text_align": "left",
      "text_justify": "inter_word",
      "hanging_punctuation": {
        "first": false,
        "end": "none",
        "last": false
      },
      "text_indent": 13.200001,
      "hyphens": "none",
      "orphans": 2,
      "widows": 2,
      "page": "chapter",
      "content": "none",
      "initial_letter": 0,
      "margin": {
        "top": 0.0,
        "right": 0.0,
        "bottom": 0.0,
        "left": 0.0
      },
      "break_before": "auto",
      "break_after": "auto",
      "break_inside": "auto"
    },
    {
      "font_id": 0,
      "font_family": [
        {
          "generic": "serif"
        }
      ],
      "font_size": 11.0,
      "font_style": "normal",
      "font_weight": 400,
      "color": "#000000",
      "line_height": 1.4,
      "letter_spacing": 0.0,
      "font_variant_caps": "normal",
      "text_transform": "none",
      "text_align": "center",
      "text_justify": "inter_word",
      "hanging_punctuation": {
        "first": false,
        "end": "none",
        "last": false
      },
      "text_indent": 0.0,
      "hyphens": "none",
      "orphans": 2,
      "widows": 2,
      "page": "chapter",
      "content": {
        "text": "❦"
      },
      "initial_letter": 0,
      "margin": {
        "top": 11.0,
        "right": 0.0,
        "bottom": 11.0,
        "left": 0.0
      },
      "break_before": "avoid",
      "break_after": "avoid",
      "break_inside": "auto"
    },
    {
      "font_id": 0,
      "font_family": [
        {
          "generic": "serif"
        }
      ],
      "font_size": 11.0,
      "font_style": "normal",
      "font_weight": 400,
      "color": "#000000",
      "line_height": 1.4,
      "letter_spacing": 0.0,
      "font_variant_caps": "normal",
      "text_transform": "none",
      "text_align": "left",
      "text_justify": "inter_word",
      "hanging_punctuation": {
        "first": false,
        "end": "none",
        "last": false
      },
      "text_indent": 0.0,
      "hyphens": "none",
      "orphans": 2,
      "widows": 2,
      "page": "chapter",
      "content": "none",
      "initial_letter": 0,
      "margin": {
        "top": 11.0,
        "right": 22.0,
        "bottom": 11.0,
        "left": 22.0
      },
      "break_before": "auto",
      "break_after": "auto",
      "break_inside": "auto"
    },
    {
      "font_id": 0,
      "font_family": [
        {
          "generic": "serif"
        }
      ],
      "font_size": 11.0,
      "font_style": "normal",
      "font_weight": 400,
      "color": "#000000",
      "line_height": 1.4,
      "letter_spacing": 0.0,
      "font_variant_caps": "normal",
      "text_transform": "none",
      "text_align": "left",
      "text_justify": "inter_word",
      "hanging_punctuation": {
        "first": false,
        "end": "none",
        "last": false
      },
      "text_indent": 0.0,
      "hyphens": "none",
      "orphans": 2,
      "widows": 2,
      "page": "chapter",
      "content": "none",
      "initial_letter": 0,
      "margin": {
        "top": 11.0,
        "right": 0.0,
        "bottom": 11.0,
        "left": 0.0
      },
      "border": {
        "top": {
          "style": "solid",
          "width": 0.75
        },
        "right": {
          "style": "none",
          "width": 2.25
        },
        "bottom": {
          "style": "solid",
          "width": 0.75
        },
        "left": {
          "style": "none",
          "width": 2.25
        }
      },
      "border_collapse": "collapse",
      "break_before": "auto",
      "break_after": "auto",
      "break_inside": "auto"
    },
    {
      "font_id": 0,
      "font_family": [
        {
          "generic": "serif"
        }
      ],
      "font_size": 11.0,
      "font_style": "normal",
      "font_weight": 400,
      "color": "#000000",
      "line_height": 1.4,
      "letter_spacing": 0.0,
      "font_variant_caps": "normal",
      "text_transform": "none",
      "text_align": "left",
      "text_justify": "inter_word",
      "hanging_punctuation": {
        "first": false,
        "end": "none",
        "last": false
      },
      "text_indent": 0.0,
      "hyphens": "none",
      "orphans": 2,
      "widows": 2,
      "page": "chapter",
      "content": "none",
      "initial_letter": 0,
      "margin": {
        "top": 0.0,
        "right": 0.0,
        "bottom": 0.0,
        "left": 0.0
      },
      "border_collapse": "collapse",
      "break_before": "auto",
      "break_after": "auto",
      "break_inside": "auto"
    },
    {
      "font_id": 3,
      "font_family": [
        {
          "generic": "serif"
        }
      ],
      "font_size": 11.0,
      "font_style": "normal",
      "font_weight": 700,
      "color": "#000000",
      "line_height": 1.4,
      "letter_spacing": 0.0,
      "font_variant_caps": "normal",
      "text_transform": "none",
      "text_align": "left",
      "text_justify": "inter_word",
      "hanging_punctuation": {
        "first": false,
        "end": "none",
        "last": false
      },
      "text_indent": 0.0,
      "hyphens": "none",
      "orphans": 2,
      "widows": 2,
      "page": "chapter",
      "content": "none",
      "initial_letter": 0,
      "margin": {
        "top": 0.0,
        "right": 0.0,
        "bottom": 0.0,
        "left": 0.0
      },
      "padding": {
        "top": 2.75,
        "right": 5.5,
        "bottom": 2.75,
        "left": 5.5
      },
      "border": {
        "top": {
          "style": "none",
          "width": 2.25
        },
        "right": {
          "style": "none",
          "width": 2.25
        },
        "bottom": {
          "style": "solid",
          "width": 0.75
        },
        "left": {
          "style": "none",
          "width": 2.25
        }
      },
      "border_collapse": "collapse",
      "break_before": "auto",
      "break_after": "auto",
      "break_inside": "auto"
    },
    {
      "font_id": 3,
      "font_family": [
        {
          "generic": "serif"
        }
      ],
      "font_size": 11.0,
      "font_style": "normal",
      "font_weight": 700,
      "color": "#000000",
      "line_height": 1.4,
      "letter_spacing": 0.0,
      "font_variant_caps": "normal",
      "text_transform": "none",
      "text_align": "left",
      "text_justify": "inter_word",
      "hanging_punctuation": {
        "first": false,
        "end": "none",
        "last": false
      },
      "text_indent": 0.0,
      "hyphens": "none",
      "orphans": 2,
      "widows": 2,
      "page": "chapter",
      "content": "none",
      "initial_letter": 0,
      "margin": {
        "top": 0.0,
        "right": 0.0,
        "bottom": 0.0,
        "left": 0.0
      },
      "border_collapse": "collapse",
      "break_before": "auto",
      "break_after": "auto",
      "break_inside": "auto"
    },
    {
      "font_id": 3,
      "font_family": [
        {
          "generic": "serif"
        }
      ],
      "font_size": 11.0,
      "font_style": "normal",
      "font_weight": 700,
      "color": "#000000",
      "line_height": 1.4,
      "letter_spacing": 0.0,
      "font_variant_caps": "normal",
      "text_transform": "none",
      "text_align": "right",
      "text_justify": "inter_word",
      "hanging_punctuation": {
        "first": false,
        "end": "none",
        "last": false
      },
      "text_indent": 0.0,
      "hyphens": "none",
      "orphans": 2,
      "widows": 2,
      "page": "chapter",
      "content": "none",
      "initial_letter": 0,
      "margin": {
        "top": 0.0,
        "right": 0.0,
        "bottom": 0.0,
        "left": 0.0
      },
      "padding": {
        "top": 2.75,
        "right": 5.5,
        "bottom": 2.75,
        "left": 5.5
      },
      "border": {
        "top": {
          "style": "none",
          "width": 2.25
        },
        "right": {
          "style": "none",
          "width": 2.25
        },
        "bottom": {
          "style": "solid",
          "width": 0.75
        },
        "left": {
          "style": "none",
          "width": 2.25
        }
      },
      "border_collapse": "collapse",
      "break_before": "auto",
      "break_after": "auto",
      "break_inside": "auto"
    },
    {
      "font_id": 3,
      "font_family": [
        {
          "generic": "serif"
        }
      ],
      "font_size": 11.0,
      "font_style": "normal",
      "font_weight": 700,
      "color": "#000000",
      "line_height": 1.4,
      "letter_spacing": 0.0,
      "font_variant_caps": "normal",
      "text_transform": "none",
      "text_align": "right",
      "text_justify": "inter_word",
      "hanging_punctuation": {
        "first": false,
        "end": "none",
        "last": false
      },
      "text_indent": 0.0,
      "hyphens": "none",
      "orphans": 2,
      "widows": 2,
      "page": "chapter",
      "content": "none",
      "initial_letter": 0,
      "margin": {
        "top": 0.0,
        "right": 0.0,
        "bottom": 0.0,
        "left": 0.0
      },
      "border_collapse": "collapse",
      "break_before": "auto",
      "break_after": "auto",
      "break_inside": "auto"
    },
    {
      "font_id": 0,
      "font_family": [
        {
          "generic": "serif"
        }
      ],
      "font_size": 11.0,
      "font_style": "normal",
      "font_weight": 400,
      "color": "#000000",
      "line_height": 1.4,
      "letter_spacing": 0.0,
      "font_variant_caps": "normal",
      "text_transform": "none",
      "text_align": "left",
      "text_justify": "inter_word",
      "hanging_punctuation": {
        "first": false,
        "end": "none",
        "last": false
      },
      "text_indent": 0.0,
      "hyphens": "none",
      "orphans": 2,
      "widows": 2,
      "page": "chapter",
      "content": "none",
      "initial_letter": 0,
      "margin": {
        "top": 0.0,
        "right": 0.0,
        "bottom": 0.0,
        "left": 0.0
      },
      "padding": {
        "top": 2.75,
        "right": 5.5,
        "bottom": 2.75,
        "left": 5.5
      },
      "border_collapse": "collapse",
      "break_before": "auto",
      "break_after": "auto",
      "break_inside": "auto"
    },
    {
      "font_id": 0,
      "font_family": [
        {
          "generic": "serif"
        }
      ],
      "font_size": 11.0,
      "font_style": "normal",
      "font_weight": 400,
      "color": "#000000",
      "line_height": 1.4,
      "letter_spacing": 0.0,
      "font_variant_caps": "normal",
      "text_transform": "none",
      "text_align": "right",
      "text_justify": "inter_word",
      "hanging_punctuation": {
        "first": false,
        "end": "none",
        "last": false
      },
      "text_indent": 0.0,
      "hyphens": "none",
      "orphans": 2,
      "widows": 2,
      "page": "chapter",
      "content": "none",
      "initial_letter": 0,
      "margin": {
        "top": 0.0,
        "right": 0.0,
        "bottom": 0.0,
        "left": 0.0
      },
      "padding": {
        "top": 2.75,
        "right": 5.5,
        "bottom": 2.75,
        "left": 5.5
      },
      "border_collapse": "collapse",
      "break_before": "auto",
      "break_after": "auto",
      "break_inside": "auto"
    },
    {
      "font_id": 0,
      "font_family": [
        {
          "generic": "serif"
        }
      ],
      "font_size": 11.0,
      "font_style": "normal",
      "font_weight": 400,
      "color": "#000000",
      "line_height": 1.4,
      "letter_spacing": 0.0,
      "font_variant_caps": "normal",
      "text_transform": "none",
      "text_align": "right",
      "text_justify": "inter_word",
      "hanging_punctuation": {
        "first": false,
        "end": "none",
        "last": false
      },
      "text_indent": 0.0,
      "hyphens": "none",
      "orphans": 2,
      "widows": 2,
      "page": "chapter",
      "content": "none",
      "initial_letter": 0,
      "margin": {
        "top": 0.0,
        "right": 0.0,
        "bottom": 0.0,
        "left": 0.0
      },
      "border_collapse": "collapse",
      "break_before": "auto",
      "break_after": "auto",
      "break_inside": "auto"
    }
  ],
  "nodes": [
    {
      "id": 0,
      "element": "book",
      "style": 0
    },
    {
      "id": 1,
      "element": "section",
      "style": 1
    },
    {
      "id": 2,
      "element": "h2",
      "style": 2
    },
    {
      "id": 4,
      "element": "h3",
      "style": 3
    },
    {
      "id": 6,
      "element": "p",
      "style": 4
    },
    {
      "id": 7,
      "element": "em",
      "style": 5
    },
    {
      "id": 9,
      "element": "img",
      "style": 4
    },
    {
      "id": 10,
      "element": "p",
      "style": 4
    },
    {
      "id": 12,
      "element": "p",
      "style": 6
    },
    {
      "id": 14,
      "element": "p",
      "style": 6
    },
    {
      "id": 16,
      "element": "p",
      "style": 6
    },
    {
      "id": 18,
      "element": "p",
      "style": 6
    },
    {
      "id": 20,
      "element": "em",
      "style": 7
    },
    {
      "id": 23,
      "element": "em",
      "style": 7
    },
    {
      "id": 26,
      "element": "em",
      "style": 7
    },
    {
      "id": 29,
      "element": "em",
      "style": 7
    },
    {
      "id": 32,
      "element": "em",
      "style": 7
    },
    {
      "id": 35,
      "element": "em",
      "style": 7
    },
    {
      "id": 38,
      "element": "em",
      "style": 7
    },
    {
      "id": 41,
      "element": "em",
      "style": 7
    },
    {
      "id": 44,
      "element": "em",
      "style": 7
    },
    {
      "id": 47,
      "element": "hr",
      "style": 8
    },
    {
      "id": 48,
      "element": "p",
      "style": 4
    },
    {
      "id": 50,
      "element": "p",
      "style": 6
    },
    {
      "id": 52,
      "element": "p",
      "style": 6
    },
    {
      "id": 54,
      "element": "p",
      "style": 6
    },
    {
      "id": 56,
      "element": "p",
      "style": 6
    },
    {
      "id": 58,
      "element": "img",
      "style": 4
    },
    {
      "id": 59,
      "element": "h3",
      "style": 3
    },
    {
      "id": 61,
      "element": "p",
      "style": 4
    },
    {
      "id": 63,
      "element": "p",
      "style": 6
    },
    {
      "id": 65,
      "element": "p",
      "style": 6
    },
    {
      "id": 67,
      "element": "p",
      "style": 6
    },
    {
      "id": 69,
      "element": "p",
      "style": 6
    },
    {
      "id": 71,
      "element": "p",
      "style": 6
    },
    {
      "id": 73,
      "element": "p",
      "style": 6
    },
    {
      "id": 75,
      "element": "em",
      "style": 7
    },
    {
      "id": 78,
      "element": "blockquote",
      "style": 9
    },
    {
      "id": 79,
      "element": "p",
      "style": 4
    },
    {
      "id": 81,
      "element": "em",
      "style": 5
    },
    {
      "id": 84,
      "element": "em",
      "style": 5
    },
    {
      "id": 87,
      "element": "em",
      "style": 5
    },
    {
      "id": 90,
      "element": "p",
      "style": 6
    },
    {
      "id": 92,
      "element": "p",
      "style": 6
    },
    {
      "id": 94,
      "element": "p",
      "style": 6
    },
    {
      "id": 96,
      "element": "p",
      "style": 4
    },
    {
      "id": 98,
      "element": "table",
      "style": 10
    },
    {
      "id": 0,
      "element": "thead",
      "style": 11
    },
    {
      "id": 99,
      "element": "tr",
      "style": 11
    },
    {
      "id": 100,
      "element": "th",
      "style": 12
    },
    {
      "id": 101,
      "element": "p",
      "style": 13
    },
    {
      "id": 103,
      "element": "th",
      "style": 12
    },
    {
      "id": 104,
      "element": "p",
      "style": 13
    },
    {
      "id": 106,
      "element": "th",
      "style": 14
    },
    {
      "id": 107,
      "element": "p",
      "style": 15
    },
    {
      "id": 0,
      "element": "tbody",
      "style": 11
    },
    {
      "id": 109,
      "element": "tr",
      "style": 11
    },
    {
      "id": 110,
      "element": "td",
      "style": 16
    },
    {
      "id": 111,
      "element": "p",
      "style": 11
    },
    {
      "id": 113,
      "element": "td",
      "style": 16
    },
    {
      "id": 114,
      "element": "p",
      "style": 11
    },
    {
      "id": 116,
      "element": "td",
      "style": 17
    },
    {
      "id": 117,
      "element": "p",
      "style": 18
    },
    {
      "id": 119,
      "element": "tr",
      "style": 11
    },
    {
      "id": 120,
      "element": "td",
      "style": 16
    },
    {
      "id": 121,
      "element": "p",
      "style": 11
    },
    {
      "id": 123,
      "element": "td",
      "style": 16
    },
    {
      "id": 124,
      "element": "p",
      "style": 11
    },
    {
      "id": 126,
      "element": "td",
      "style": 17
    },
    {
      "id": 127,
      "element": "p",
      "style": 18
    },
    {
      "id": 129,
      "element": "tr",
      "style": 11
    },
    {
      "id": 130,
      "element": "td",
      "style": 16
    },
    {
      "id": 131,
      "element": "p",
      "style": 11
    },
    {
      "id": 133,
      "element": "td",
      "style": 16
    },
    {
      "id": 134,
      "element": "p",
      "style": 11
    },
    {
      "id": 136,
      "element": "td",
      "style": 17
    },
    {
      "id": 137,
      "element": "p",
      "style": 18
    },
    {
      "id": 139,
      "element": "tr",
      "style": 11
    },
    {
      "id": 140,
      "element": "td",
      "style": 16
    },
    {
      "id": 141,
      "element": "p",
      "style": 11
    },
    {
      "id": 143,
      "element": "td",
      "style": 16
    },
    {
      "id": 144,
      "element": "p",
      "style": 11
    },
    {
      "id": 146,
      "element": "td",
      "style": 17
    },
    {
      "id": 147,
      "element": "p",
      "style": 18
    },
    {
      "id": 149,
      "element": "tr",
      "style": 11
    },
    {
      "id": 150,
      "element": "td",
      "style": 16
    },
    {
      "id": 151,
      "element": "p",
      "style": 11
    },
    {
      "id": 153,
      "element": "td",
      "style": 16
    },
    {
      "id": 154,
      "element": "p",
      "style": 11
    },
    {
      "id": 156,
      "element": "td",
      "style": 17
    },
    {
      "id": 157,
      "element": "p",
      "style": 18
    },
    {
      "id": 159,
      "element": "tr",
      "style": 11
    },
    {
      "id": 160,
      "element": "td",
      "style": 16
    },
    {
      "id": 161,
      "element": "p",
      "style": 11
    },
    {
      "id": 163,
      "element": "td",
      "style": 16
    },
    {
      "id": 164,
      "element": "p",
      "style": 11
    },
    {
      "id": 166,
      "element": "td",
      "style": 17
    },
    {
      "id": 167,
      "element": "p",
      "style": 18
    },
    {
      "id": 169,
      "element": "tr",
      "style": 11
    },
    {
      "id": 170,
      "element": "td",
      "style": 16
    },
    {
      "id": 171,
      "element": "p",
      "style": 11
    },
    {
      "id": 173,
      "element": "td",
      "style": 16
    },
    {
      "id": 174,
      "element": "p",
      "style": 11
    },
    {
      "id": 176,
      "element": "td",
      "style": 17
    },
    {
      "id": 177,
      "element": "p",
      "style": 18
    },
    {
      "id": 179,
      "element": "tr",
      "style": 11
    },
    {
      "id": 180,
      "element": "td",
      "style": 16
    },
    {
      "id": 181,
      "element": "p",
      "style": 11
    },
    {
      "id": 183,
      "element": "td",
      "style": 16
    },
    {
      "id": 184,
      "element": "p",
      "style": 11
    },
    {
      "id": 186,
      "element": "td",
      "style": 17
    },
    {
      "id": 187,
      "element": "p",
      "style": 18
    },
    {
      "id": 189,
      "element": "tr",
      "style": 11
    },
    {
      "id": 190,
      "element": "td",
      "style": 16
    },
    {
      "id": 191,
      "element": "p",
      "style": 11
    },
    {
      "id": 193,
      "element": "td",
      "style": 16
    },
    {
      "id": 194,
      "element": "p",
      "style": 11
    },
    {
      "id": 196,
      "element": "td",
      "style": 17
    },
    {
      "id": 197,
      "element": "p",
      "style": 18
    },
    {
      "id": 199,
      "element": "tr",
      "style": 11
    },
    {
      "id": 200,
      "element": "td",
      "style": 16
    },
    {
      "id": 201,
      "element": "p",
      "style": 11
    },
    {
      "id": 203,
      "element": "td",
      "style": 16
    },
    {
      "id": 204,
      "element": "p",
      "style": 11
    },
    {
      "id": 206,
      "element": "td",
      "style": 17
    },
    {
      "id": 207,
      "element": "p",
      "style": 18
    },
    {
      "id": 209,
      "element": "tr",
      "style": 11
    },
    {
      "id": 210,
      "element": "td",
      "style": 16
    },
    {
      "id": 211,
      "element": "p",
      "style": 11
    },
    {
      "id": 213,
      "element": "td",
      "style": 16
    },
    {
      "id": 214,
      "element": "p",
      "style": 11
    },
    {
      "id": 216,
      "element": "td",
      "style": 17
    },
    {
      "id": 217,
      "element": "p",
      "style": 18
    },
    {
      "id": 219,
      "element": "p",
      "style": 4
    },
    {
      "id": 221,
      "element": "p",
      "style": 6
    },
    {
      "id": 223,
      "element": "a",
      "style": 6
    },
    {
      "id": 226,
      "element": "h3",
      "style": 3
    },
    {
      "id": 228,
      "element": "p",
      "style": 4
    },
    {
      "id": 229,
      "element": "em",
      "style": 5
    },
    {
      "id": 231,
      "element": "p",
      "style": 6
    },
    {
      "id": 233,
      "element": "p",
      "style": 6
    },
    {
      "id": 235,
      "element": "p",
      "style": 6
    },
    {
      "id": 237,
      "element": "p",
      "style": 6
    },
    {
      "id": 239,
      "element": "p",
      "style": 6
    },
    {
      "id": 241,
      "element": "p",
      "style": 6
    },
    {
      "id": 243,
      "element": "p",
      "style": 6
    },
    {
      "id": 245,
      "element": "p",
      "style": 6
    },
    {
      "id": 247,
      "element": "em",
      "style": 7
    },
    {
      "id": 250,
      "element": "p",
      "style": 6
    },
    {
      "id": 252,
      "element": "em",
      "style": 7
    },
    {
      "id": 255,
      "element": "p",
      "style": 6
    },
    {
      "id": 257,
      "element": "p",
      "style": 6
    },
    {
      "id": 259,
      "element": "p",
      "style": 6
    },
    {
      "id": 261,
      "element": "p",
      "style": 6
    },
    {
      "id": 263,
      "element": "p",
      "style": 6
    },
    {
      "id": 265,
      "element": "p",
      "style": 6
    },
    {
      "id": 267,
      "element": "p",
      "style": 6
    },
    {
      "id": 269,
      "element": "p",
      "style": 6
    },
    {
      "id": 271,
      "element": "p",
      "style": 6
    },
    {
      "id": 273,
      "element": "p",
      "style": 6
    },
    {
      "id": 275,
      "element": "p",
      "style": 6
    }
  ],
  "masters": [
    {
      "page": null,
      "situation": {
        "first": "recto"
      },
      "style": {
        "geometry": {
          "width": 432.0,
          "height": 648.0,
          "margin": {
            "top": 54.0,
            "right": 42.0,
            "bottom": 54.0,
            "left": 54.0
          }
        },
        "boxes": [
          {
            "which": "bottom-center",
            "content": {
              "counter": "decimal"
            },
            "style": {
              "font_id": 0,
              "font_family": [
                {
                  "generic": "serif"
                }
              ],
              "font_size": 9.0,
              "font_style": "normal",
              "font_weight": 400,
              "color": "#000000",
              "line_height": 1.4,
              "letter_spacing": 0.0,
              "font_variant_caps": "normal",
              "text_transform": "none",
              "text_align": "left",
              "text_justify": "inter_word",
              "hanging_punctuation": {
                "first": false,
                "end": "none",
                "last": false
              },
              "text_indent": 0.0,
              "hyphens": "none",
              "orphans": 2,
              "widows": 2,
              "page": null,
              "content": "none",
              "initial_letter": 0,
              "margin": {
                "top": 0.0,
                "right": 0.0,
                "bottom": 0.0,
                "left": 0.0
              },
              "break_before": "auto",
              "break_after": "auto",
              "break_inside": "auto"
            }
          }
        ]
      }
    },
    {
      "page": null,
      "situation": {
        "first": "verso"
      },
      "style": {
        "geometry": {
          "width": 432.0,
          "height": 648.0,
          "margin": {
            "top": 54.0,
            "right": 54.0,
            "bottom": 54.0,
            "left": 42.0
          }
        },
        "boxes": [
          {
            "which": "bottom-center",
            "content": {
              "counter": "decimal"
            },
            "style": {
              "font_id": 0,
              "font_family": [
                {
                  "generic": "serif"
                }
              ],
              "font_size": 9.0,
              "font_style": "normal",
              "font_weight": 400,
              "color": "#000000",
              "line_height": 1.4,
              "letter_spacing": 0.0,
              "font_variant_caps": "normal",
              "text_transform": "none",
              "text_align": "left",
              "text_justify": "inter_word",
              "hanging_punctuation": {
                "first": false,
                "end": "none",
                "last": false
              },
              "text_indent": 0.0,
              "hyphens": "none",
              "orphans": 2,
              "widows": 2,
              "page": null,
              "content": "none",
              "initial_letter": 0,
              "margin": {
                "top": 0.0,
                "right": 0.0,
                "bottom": 0.0,
                "left": 0.0
              },
              "break_before": "auto",
              "break_after": "auto",
              "break_inside": "auto"
            }
          }
        ]
      }
    },
    {
      "page": null,
      "situation": {
        "body": "recto"
      },
      "style": {
        "geometry": {
          "width": 432.0,
          "height": 648.0,
          "margin": {
            "top": 54.0,
            "right": 42.0,
            "bottom": 54.0,
            "left": 54.0
          }
        },
        "boxes": [
          {
            "which": "bottom-center",
            "content": {
              "counter": "decimal"
            },
            "style": {
              "font_id": 0,
              "font_family": [
                {
                  "generic": "serif"
                }
              ],
              "font_size": 9.0,
              "font_style": "normal",
              "font_weight": 400,
              "color": "#000000",
              "line_height": 1.4,
              "letter_spacing": 0.0,
              "font_variant_caps": "normal",
              "text_transform": "none",
              "text_align": "left",
              "text_justify": "inter_word",
              "hanging_punctuation": {
                "first": false,
                "end": "none",
                "last": false
              },
              "text_indent": 0.0,
              "hyphens": "none",
              "orphans": 2,
              "widows": 2,
              "page": null,
              "content": "none",
              "initial_letter": 0,
              "margin": {
                "top": 0.0,
                "right": 0.0,
                "bottom": 0.0,
                "left": 0.0
              },
              "break_before": "auto",
              "break_after": "auto",
              "break_inside": "auto"
            }
          }
        ]
      }
    },
    {
      "page": null,
      "situation": {
        "body": "verso"
      },
      "style": {
        "geometry": {
          "width": 432.0,
          "height": 648.0,
          "margin": {
            "top": 54.0,
            "right": 54.0,
            "bottom": 54.0,
            "left": 42.0
          }
        },
        "boxes": [
          {
            "which": "bottom-center",
            "content": {
              "counter": "decimal"
            },
            "style": {
              "font_id": 0,
              "font_family": [
                {
                  "generic": "serif"
                }
              ],
              "font_size": 9.0,
              "font_style": "normal",
              "font_weight": 400,
              "color": "#000000",
              "line_height": 1.4,
              "letter_spacing": 0.0,
              "font_variant_caps": "normal",
              "text_transform": "none",
              "text_align": "left",
              "text_justify": "inter_word",
              "hanging_punctuation": {
                "first": false,
                "end": "none",
                "last": false
              },
              "text_indent": 0.0,
              "hyphens": "none",
              "orphans": 2,
              "widows": 2,
              "page": null,
              "content": "none",
              "initial_letter": 0,
              "margin": {
                "top": 0.0,
                "right": 0.0,
                "bottom": 0.0,
                "left": 0.0
              },
              "break_before": "auto",
              "break_after": "auto",
              "break_inside": "auto"
            }
          }
        ]
      }
    },
    {
      "page": null,
      "situation": "blank",
      "style": {
        "geometry": {
          "width": 432.0,
          "height": 648.0,
          "margin": {
            "top": 54.0,
            "right": 54.0,
            "bottom": 54.0,
            "left": 42.0
          }
        },
        "boxes": [
          {
            "which": "bottom-center",
            "content": {
              "counter": "decimal"
            },
            "style": {
              "font_id": 0,
              "font_family": [
                {
                  "generic": "serif"
                }
              ],
              "font_size": 9.0,
              "font_style": "normal",
              "font_weight": 400,
              "color": "#000000",
              "line_height": 1.4,
              "letter_spacing": 0.0,
              "font_variant_caps": "normal",
              "text_transform": "none",
              "text_align": "left",
              "text_justify": "inter_word",
              "hanging_punctuation": {
                "first": false,
                "end": "none",
                "last": false
              },
              "text_indent": 0.0,
              "hyphens": "none",
              "orphans": 2,
              "widows": 2,
              "page": null,
              "content": "none",
              "initial_letter": 0,
              "margin": {
                "top": 0.0,
                "right": 0.0,
                "bottom": 0.0,
                "left": 0.0
              },
              "break_before": "auto",
              "break_after": "auto",
              "break_inside": "auto"
            }
          }
        ]
      }
    },
    {
      "page": "chapter",
      "situation": {
        "first": "recto"
      },
      "style": {
        "geometry": {
          "width": 432.0,
          "height": 648.0,
          "margin": {
            "top": 54.0,
            "right": 42.0,
            "bottom": 54.0,
            "left": 54.0
          }
        },
        "boxes": [
          {
            "which": "bottom-center",
            "content": "none",
            "style": {
              "font_id": 0,
              "font_family": [
                {
                  "generic": "serif"
                }
              ],
              "font_size": 9.0,
              "font_style": "normal",
              "font_weight": 400,
              "color": "#000000",
              "line_height": 1.4,
              "letter_spacing": 0.0,
              "font_variant_caps": "normal",
              "text_transform": "none",
              "text_align": "left",
              "text_justify": "inter_word",
              "hanging_punctuation": {
                "first": false,
                "end": "none",
                "last": false
              },
              "text_indent": 0.0,
              "hyphens": "none",
              "orphans": 2,
              "widows": 2,
              "page": null,
              "content": "none",
              "initial_letter": 0,
              "margin": {
                "top": 0.0,
                "right": 0.0,
                "bottom": 0.0,
                "left": 0.0
              },
              "break_before": "auto",
              "break_after": "auto",
              "break_inside": "auto"
            }
          }
        ]
      }
    },
    {
      "page": "chapter",
      "situation": {
        "first": "verso"
      },
      "style": {
        "geometry": {
          "width": 432.0,
          "height": 648.0,
          "margin": {
            "top": 54.0,
            "right": 54.0,
            "bottom": 54.0,
            "left": 42.0
          }
        },
        "boxes": [
          {
            "which": "bottom-center",
            "content": "none",
            "style": {
              "font_id": 0,
              "font_family": [
                {
                  "generic": "serif"
                }
              ],
              "font_size": 9.0,
              "font_style": "normal",
              "font_weight": 400,
              "color": "#000000",
              "line_height": 1.4,
              "letter_spacing": 0.0,
              "font_variant_caps": "normal",
              "text_transform": "none",
              "text_align": "left",
              "text_justify": "inter_word",
              "hanging_punctuation": {
                "first": false,
                "end": "none",
                "last": false
              },
              "text_indent": 0.0,
              "hyphens": "none",
              "orphans": 2,
              "widows": 2,
              "page": null,
              "content": "none",
              "initial_letter": 0,
              "margin": {
                "top": 0.0,
                "right": 0.0,
                "bottom": 0.0,
                "left": 0.0
              },
              "break_before": "auto",
              "break_after": "auto",
              "break_inside": "auto"
            }
          }
        ]
      }
    },
    {
      "page": "chapter",
      "situation": {
        "body": "recto"
      },
      "style": {
        "geometry": {
          "width": 432.0,
          "height": 648.0,
          "margin": {
            "top": 54.0,
            "right": 42.0,
            "bottom": 54.0,
            "left": 54.0
          }
        },
        "boxes": [
          {
            "which": "bottom-center",
            "content": {
              "counter": "decimal"
            },
            "style": {
              "font_id": 0,
              "font_family": [
                {
                  "generic": "serif"
                }
              ],
              "font_size": 9.0,
              "font_style": "normal",
              "font_weight": 400,
              "color": "#000000",
              "line_height": 1.4,
              "letter_spacing": 0.0,
              "font_variant_caps": "normal",
              "text_transform": "none",
              "text_align": "left",
              "text_justify": "inter_word",
              "hanging_punctuation": {
                "first": false,
                "end": "none",
                "last": false
              },
              "text_indent": 0.0,
              "hyphens": "none",
              "orphans": 2,
              "widows": 2,
              "page": null,
              "content": "none",
              "initial_letter": 0,
              "margin": {
                "top": 0.0,
                "right": 0.0,
                "bottom": 0.0,
                "left": 0.0
              },
              "break_before": "auto",
              "break_after": "auto",
              "break_inside": "auto"
            }
          }
        ]
      }
    },
    {
      "page": "chapter",
      "situation": {
        "body": "verso"
      },
      "style": {
        "geometry": {
          "width": 432.0,
          "height": 648.0,
          "margin": {
            "top": 54.0,
            "right": 54.0,
            "bottom": 54.0,
            "left": 42.0
          }
        },
        "boxes": [
          {
            "which": "bottom-center",
            "content": {
              "counter": "decimal"
            },
            "style": {
              "font_id": 0,
              "font_family": [
                {
                  "generic": "serif"
                }
              ],
              "font_size": 9.0,
              "font_style": "normal",
              "font_weight": 400,
              "color": "#000000",
              "line_height": 1.4,
              "letter_spacing": 0.0,
              "font_variant_caps": "normal",
              "text_transform": "none",
              "text_align": "left",
              "text_justify": "inter_word",
              "hanging_punctuation": {
                "first": false,
                "end": "none",
                "last": false
              },
              "text_indent": 0.0,
              "hyphens": "none",
              "orphans": 2,
              "widows": 2,
              "page": null,
              "content": "none",
              "initial_letter": 0,
              "margin": {
                "top": 0.0,
                "right": 0.0,
                "bottom": 0.0,
                "left": 0.0
              },
              "break_before": "auto",
              "break_after": "auto",
              "break_inside": "auto"
            }
          }
        ]
      }
    },
    {
      "page": "chapter",
      "situation": "blank",
      "style": {
        "geometry": {
          "width": 432.0,
          "height": 648.0,
          "margin": {
            "top": 54.0,
            "right": 54.0,
            "bottom": 54.0,
            "left": 42.0
          }
        },
        "boxes": [
          {
            "which": "bottom-center",
            "content": {
              "counter": "decimal"
            },
            "style": {
              "font_id": 0,
              "font_family": [
                {
                  "generic": "serif"
                }
              ],
              "font_size": 9.0,
              "font_style": "normal",
              "font_weight": 400,
              "color": "#000000",
              "line_height": 1.4,
              "letter_spacing": 0.0,
              "font_variant_caps": "normal",
              "text_transform": "none",
              "text_align": "left",
              "text_justify": "inter_word",
              "hanging_punctuation": {
                "first": false,
                "end": "none",
                "last": false
              },
              "text_indent": 0.0,
              "hyphens": "none",
              "orphans": 2,
              "widows": 2,
              "page": null,
              "content": "none",
              "initial_letter": 0,
              "margin": {
                "top": 0.0,
                "right": 0.0,
                "bottom": 0.0,
                "left": 0.0
              },
              "break_before": "auto",
              "break_after": "auto",
              "break_inside": "auto"
            }
          }
        ]
      }
    }
  ],
  "warnings": []
}
