---
source: crates/fleuron/tests/style_tree.rs
expression: tree
---
{
  "styles": [
    {
      "font_id": 0,
      "font_family": [
        {
          "generic": "serif"
        }
      ],
      "font_size": 11.0,
      "font_style": "normal",
      "font_weight": 400,
      "color": "#000000",
      "line_height": 1.4,
      "letter_spacing": 0.0,
      "font_variant_caps": "normal",
      "text_transform": "none",
      "text_align": "left",
      "text_justify": "inter_word",
      "hanging_punctuation": {
        "first": false,
        "end": "none",
        "last": false
      },
      "text_indent": 0.0,
      "hyphens": "none",
      "orphans": 2,
      "widows": 2,
      "page": null,
      "content": "none",
      "initial_letter": 0,
      "margin": {
        "top": 0.0,
        "right": 0.0,
        "bottom": 0.0,
        "left": 0.0
      },
      "break_before": "auto",
      "break_after": "auto",
      "break_inside": "auto"
    },
    {
      "font_id": 0,
      "font_family": [
        {
          "generic": "serif"
        }
      ],
      "font_size": 11.0,
      "font_style": "normal",
      "font_weight": 400,
      "color": "#000000",
      "line_height": 1.4,
      "letter_spacing": 0.0,
      "font_variant_caps": "normal",
      "text_transform": "none",
      "text_align": "left",
      "text_justify": "inter_word",
      "hanging_punctuation": {
        "first": false,
        "end": "none",
        "last": false
      },
      "text_indent": 0.0,
      "hyphens": "none",
      "orphans": 2,
      "widows": 2,
      "page": "chapter",
      "content": "none",
      "initial_letter": 0,
      "margin": {
        "top": 0.0,
        "right": 0.0,
        "bottom": 0.0,
        "left": 0.0
      },
      "break_before": {
        "side": "recto"
      },
      "break_after": "auto",
      "break_inside": "auto"
    },
    {
      "font_id": 0,
      "font_family": [
        {
          "generic": "serif"
        }
      ],
      "font_size": 18.0,
      "font_style": "normal",
      "font_weight": 400,
      "color": "#000000",
      "line_height": 1.4,
      "letter_spacing": 0.0,
      "font_variant_caps": "normal",
      "text_transform": "none",
      "text_align": "left",
      "text_justify": "inter_word",
      "hanging_punctuation": {
        "first": false,
        "end": "none",
        "last": false
      },
      "text_indent": 0.0,
      "hyphens": "none",
      "orphans": 2,
      "widows": 2,
      "page": "chapter",
      "content": "none",
      "string_set": [
        {
          "name": "chapter",
          "value": [
            "content"
          ]
        }
      ],
      "initial_letter": 0,
      "margin": {
        "top": 0.0,
        "right": 0.0,
        "bottom": 0.0,
        "left": 0.0
      },
      "break_before": "auto",
      "break_after": "avoid",
      "break_inside": "auto"
    },
    {
      "font_id": 0,
      "font_family": [
        {
          "generic": "serif"
        }
      ],
      "font_size": 18.0,
      "font_style": "normal",
      "font_weight": 400,
      "color": "#000000",
      "line_height": 1.4,
      "letter_spacing": 0.0,
      "font_variant_caps": "normal",
      "text_transform": "none",
      "text_align": "left",
      "text_justify": "inter_word",
      "hanging_punctuation": {
        "first": false,
        "end": "none",
        "last": false
      },
      "text_indent": 0.0,
      "hyphens": "none",
      "orphans": 2,
      "widows": 2,
      "page": "chapter",
      "content": "none",
      "initial_letter": 0,
      "margin": {
        "top": 0.0,
        "right": 0.0,
        "bottom": 0.0,
        "left": 0.0
      },
      "break_before": "auto",
      "break_after": "avoid",
      "break_inside": "auto"
    },
    {
      "font_id": 0,
      "font_family": [
        {
          "generic": "serif"
        }
      ],
      "font_size": 11.0,
      "font_style": "normal",
      "font_weight": 400,
      "color": "#000000",
      "line_height": 1.4,
      "letter_spacing": 0.0,
      "font_variant_caps": "normal",
      "text_transform": "none",
      "text_align": "left",
      "text_justify": "inter_word",
      "hanging_punctuation": {
        "first": false,
        "end": "none",
        "last": false
      },
      "text_indent": 0.0,
      "hyphens": "none",
      "orphans": 2,
      "widows": 2,
      "page": "chapter",
      "content": "none",
      "initial_letter": 0,
      "margin": {
        "top": 0.0,
        "right": 0.0,
        "bottom": 0.0,
        "left": 0.0
      },
      "break_before": "auto",
      "break_after": "auto",
      "break_inside": "auto"
    },
    {
      "font_id": 5,
      "font_family": [
        {
          "generic": "serif"
        }
      ],
      "font_size": 11.0,
      "font_style": "italic",
      "font_weight": 400,
      "color": "#000000",
      "line_height": 1.4,
      "letter_spacing": 0.0,
      "font_variant_caps": "normal",
      "text_transform": "none",
      "text_align": "left",
      "text_justify": "inter_word",
      "hanging_punctuation": {
        "first": false,
        "end": "none",
        "last": false
      },
      "text_indent": 0.0,
      "hyphens": "none",
      "orphans": 2,
      "widows": 2,
      "page": "chapter",
      "content": "none",
      "initial_letter": 0,
      "margin": {
        "top": 0.0,
        "right": 0.0,
        "bottom": 0.0,
        "left": 0.0
      },
      "break_before": "auto",
      "break_after": "auto",
      "break_inside": "auto"
    },
    {
      "font_id": 0,
      "font_family": [
        {
          "generic": "serif"
        }
      ],
      "font_size": 11.0,
      "font_style": "normal",
      "font_weight": 400,
      "color": "#000000",
      "line_height": 1.4,
      "letter_spacing": 0.0,
      "font_variant_caps": "normal",
      "text_transform": "none",
      "text_align": "left",
      "text_justify": "inter_word",
      "hanging_punctuation": {
        "first": false,
        "end": "none",
        "last": false
      },
      "text_indent": 13.200001,
      "hyphens": "none",
      "orphans": 2,
      "widows": 2,
      "page": "chapter",
      "content": "none",
      "initial_letter": 0,
      "margin": {
        "top": 0.0,
        "right": 0.0,
        "bottom": 0.0,
        "left": 0.0
      },
      "break_before": "auto",
      "break_after": "auto",
      "break_inside": "auto"
    },
    {
      "font_id": 5,
      "font_family": [
        {
          "generic": "serif"
        }
      ],
      "font_size": 11.0,
      "font_style": "italic",
      "font_weight": 400,
      "color": "#000000",
      "line_height": 1.4,
      "letter_spacing": 0.0,
      "font_variant_caps": "normal",
      "text_transform": "none",
      "text_align": "left",
      "text_justify": "inter_word",
      "hanging_punctuation": {
        "first": false,
        "end": "none",
        "last": false
      },
      "text_indent": 13.200001,
      "hyphens": "none",
      "orphans": 2,
      "widows": 2,
      "page": "chapter",
      "content": "none",
      "initial_letter": 0,
      "margin": {
        "top": 0.0,
        "right": 0.0,
        "bottom": 0.0,
        "left": 0.0
      },
      "break_before": "auto",
      "break_after": "auto",
      "break_inside": "auto"
    },
    {
      "font_id": 0,
      "font_family": [
        {
          "generic": "serif"
        }
      ],
      "font_size": 11.0,
      "font_style": "normal",
      "font_weight": 400,
      "color": "#000000",
      "line_height": 1.4,
      "letter_spacing": 0.0,
      "font_variant_caps": "normal",
      "text_transform": "none",
      "text_align": "center",
      "text_justify": "inter_word",
      "hanging_punctuation": {
        "first": false,
        "end": "none",
        "last": false
      },
      "text_indent": 0.0,
      "hyphens": "none",
      "orphans": 2,
      "widows": 2,
      "page": "chapter",
      "content": {
        "text": "❦"
      },
      "initial_letter": 0,
      "margin": {
        "top": 11.0,
        "right": 0.0,
        "bottom": 11.0,
        "left": 0.0
      },
      "break_before": "avoid",
      "break_after": "avoid",
      "break_inside": "auto"
    },
    {
      "font_id": 0,
      "font_family": [
        {
          "generic": "serif"
        }
      ],
      "font_size": 11.0,
      "font_style": "normal",
      "font_weight": 400,
      "color": "#000000",
      "line_height": 1.4,
      "letter_spacing": 0.0,
      "font_variant_caps": "normal",
      "text_transform": "none",
      "text_align": "left",
      "text_justify": "inter_word",
      "hanging_punctuation": {
        "first": false,
        "end": "none",
        "last": false
      },
      "text_indent": 0.0,
      "hyphens": "none",
      "orphans": 2,
      "widows": 2,
      "page": "chapter",
      "content": "none",
      "initial_letter": 0,
      "margin": {
        "top": 11.0,
        "right": 22.0,
        "bottom": 11.0,
        "left": 22.0
      },
      "break_before": "auto",
      "break_after": "auto",
      "break_inside": "auto"
    }
  ],
  "nodes": [
    {
      "id": 0,
      "element": "book",
      "style": 0
    },
    {
      "id": 1,
      "element": "section",
      "style": 1
    },
    {
      "id": 2,
      "element": "h2",
      "style": 2
    },
    {
      "id": 4,
      "element": "h3",
      "style": 3
    },
    {
      "id": 6,
      "element": "p",
      "style": 4
    },
    {
      "id": 7,
      "element": "em",
      "style": 5
    },
    {
      "id": 9,
      "element": "img",
      "style": 4
    },
    {
      "id": 10,
      "element": "p",
      "style": 4
    },
    {
      "id": 12,
      "element": "p",
      "style": 6
    },
    {
      "id": 14,
      "element": "p",
      "style": 6
    },
    {
      "id": 16,
      "element": "p",
      "style": 6
    },
    {
      "id": 18,
      "element": "p",
      "style": 6
    },
    {
      "id": 20,
      "element": "em",
      "style": 7
    },
    {
      "id": 23,
      "element": "em",
      "style": 7
    },
    {
      "id": 26,
      "element": "em",
      "style": 7
    },
    {
      "id": 29,
      "element": "em",
      "style": 7
    },
    {
      "id": 32,
      "element": "em",
      "style": 7
    },
    {
      "id": 35,
      "element": "em",
      "style": 7
    },
    {
      "id": 38,
      "element": "em",
      "style": 7
    },
    {
      "id": 41,
      "element": "em",
      "style": 7
    },
    {
      "id": 44,
      "element": "em",
      "style": 7
    },
    {
      "id": 47,
      "element": "hr",
      "style": 8
    },
    {
      "id": 48,
      "element": "p",
      "style": 4
    },
    {
      "id": 50,
      "element": "p",
      "style": 6
    },
    {
      "id": 52,
      "element": "p",
      "style": 6
    },
    {
      "id": 54,
      "element": "p",
      "style": 6
    },
    {
      "id": 56,
      "element": "p",
      "style": 6
    },
    {
      "id": 58,
      "element": "img",
      "style": 4
    },
    {
      "id": 59,
      "element": "h3",
      "style": 3
    },
    {
      "id": 61,
      "element": "p",
      "style": 4
    },
    {
      "id": 63,
      "element": "p",
      "style": 6
    },
    {
      "id": 65,
      "element": "p",
      "style": 6
    },
    {
      "id": 67,
      "element": "p",
      "style": 6
    },
    {
      "id": 69,
      "element": "p",
      "style": 6
    },
    {
      "id": 71,
      "element": "p",
      "style": 6
    },
    {
      "id": 73,
      "element": "p",
      "style": 6
    },
    {
      "id": 75,
      "element": "em",
      "style": 7
    },
    {
      "id": 78,
      "element": "blockquote",
      "style": 9
    },
    {
      "id": 79,
      "element": "p",
      "style": 4
    },
    {
      "id": 81,
      "element": "em",
      "style": 5
    },
    {
      "id": 84,
      "element": "em",
      "style": 5
    },
    {
      "id": 87,
      "element": "em",
      "style": 5
    },
    {
      "id": 90,
      "element": "p",
      "style": 6
    },
    {
      "id": 92,
      "element": "p",
      "style": 6
    },
    {
      "id": 94,
      "element": "p",
      "style": 6
    },
    {
      "id": 96,
      "element": "p",
      "style": 4
    },
    {
      "id": 98,
      "element": "p",
      "style": 6
    },
    {
      "id": 100,
      "element": "h3",
      "style": 3
    },
    {
      "id": 102,
      "element": "p",
      "style": 4
    },
    {
      "id": 103,
      "element": "em",
      "style": 5
    },
    {
      "id": 105,
      "element": "p",
      "style": 6
    },
    {
      "id": 107,
      "element": "p",
      "style": 6
    },
    {
      "id": 109,
      "element": "p",
      "style": 6
    },
    {
      "id": 111,
      "element": "p",
      "style": 6
    },
    {
      "id": 113,
      "element": "p",
      "style": 6
    },
    {
      "id": 115,
      "element": "p",
      "style": 6
    },
    {
      "id": 117,
      "element": "p",
      "style": 6
    },
    {
      "id": 119,
      "element": "p",
      "style": 6
    },
    {
      "id": 121,
      "element": "em",
      "style": 7
    },
    {
      "id": 124,
      "element": "p",
      "style": 6
    },
    {
      "id": 126,
      "element": "em",
      "style": 7
    },
    {
      "id": 129,
      "element": "p",
      "style": 6
    },
    {
      "id": 131,
      "element": "p",
      "style": 6
    },
    {
      "id": 133,
      "element": "p",
      "style": 6
    },
    {
      "id": 135,
      "element": "p",
      "style": 6
    },
    {
      "id": 137,
      "element": "p",
      "style": 6
    },
    {
      "id": 139,
      "element": "p",
      "style": 6
    },
    {
      "id": 141,
      "element": "p",
      "style": 6
    },
    {
      "id": 143,
      "element": "p",
      "style": 6
    },
    {
      "id": 145,
      "element": "p",
      "style": 6
    },
    {
      "id": 147,
      "element": "p",
      "style": 6
    },
    {
      "id": 149,
      "element": "p",
      "style": 6
    }
  ],
  "masters": [
    {
      "page": null,
      "situation": {
        "first": "recto"
      },
      "style": {
        "geometry": {
          "width": 432.0,
          "height": 648.0,
          "margin": {
            "top": 54.0,
            "right": 42.0,
            "bottom": 54.0,
            "left": 54.0
          }
        },
        "boxes": [
          {
            "which": "bottom-center",
            "content": {
              "counter": "decimal"
            },
            "style": {
              "font_id": 0,
              "font_family": [
                {
                  "generic": "serif"
                }
              ],
              "font_size": 9.0,
              "font_style": "normal",
              "font_weight": 400,
              "color": "#000000",
              "line_height": 1.4,
              "letter_spacing": 0.0,
              "font_variant_caps": "normal",
              "text_transform": "none",
              "text_align": "left",
              "text_justify": "inter_word",
              "hanging_punctuation": {
                "first": false,
                "end": "none",
                "last": false
              },
              "text_indent": 0.0,
              "hyphens": "none",
              "orphans": 2,
              "widows": 2,
              "page": null,
              "content": "none",
              "initial_letter": 0,
              "margin": {
                "top": 0.0,
                "right": 0.0,
                "bottom": 0.0,
                "left": 0.0
              },
              "break_before": "auto",
              "break_after": "auto",
              "break_inside": "auto"
            }
          }
        ]
      }
    },
    {
      "page": null,
      "situation": {
        "first": "verso"
      },
      "style": {
        "geometry": {
          "width": 432.0,
          "height": 648.0,
          "margin": {
            "top": 54.0,
            "right": 54.0,
            "bottom": 54.0,
            "left": 42.0
          }
        },
        "boxes": [
          {
            "which": "bottom-center",
            "content": {
              "counter": "decimal"
            },
            "style": {
              "font_id": 0,
              "font_family": [
                {
                  "generic": "serif"
                }
              ],
              "font_size": 9.0,
              "font_style": "normal",
              "font_weight": 400,
              "color": "#000000",
              "line_height": 1.4,
              "letter_spacing": 0.0,
              "font_variant_caps": "normal",
              "text_transform": "none",
              "text_align": "left",
              "text_justify": "inter_word",
              "hanging_punctuation": {
                "first": false,
                "end": "none",
                "last": false
              },
              "text_indent": 0.0,
              "hyphens": "none",
              "orphans": 2,
              "widows": 2,
              "page": null,
              "content": "none",
              "initial_letter": 0,
              "margin": {
                "top": 0.0,
                "right": 0.0,
                "bottom": 0.0,
                "left": 0.0
              },
              "break_before": "auto",
              "break_after": "auto",
              "break_inside": "auto"
            }
          }
        ]
      }
    },
    {
      "page": null,
      "situation": {
        "body": "recto"
      },
      "style": {
        "geometry": {
          "width": 432.0,
          "height": 648.0,
          "margin": {
            "top": 54.0,
            "right": 42.0,
            "bottom": 54.0,
            "left": 54.0
          }
        },
        "boxes": [
          {
            "which": "bottom-center",
            "content": {
              "counter": "decimal"
            },
            "style": {
              "font_id": 0,
              "font_family": [
                {
                  "generic": "serif"
                }
              ],
              "font_size": 9.0,
              "font_style": "normal",
              "font_weight": 400,
              "color": "#000000",
              "line_height": 1.4,
              "letter_spacing": 0.0,
              "font_variant_caps": "normal",
              "text_transform": "none",
              "text_align": "left",
              "text_justify": "inter_word",
              "hanging_punctuation": {
                "first": false,
                "end": "none",
                "last": false
              },
              "text_indent": 0.0,
              "hyphens": "none",
              "orphans": 2,
              "widows": 2,
              "page": null,
              "content": "none",
              "initial_letter": 0,
              "margin": {
                "top": 0.0,
                "right": 0.0,
                "bottom": 0.0,
                "left": 0.0
              },
              "break_before": "auto",
              "break_after": "auto",
              "break_inside": "auto"
            }
          }
        ]
      }
    },
    {
      "page": null,
      "situation": {
        "body": "verso"
      },
      "style": {
        "geometry": {
          "width": 432.0,
          "height": 648.0,
          "margin": {
            "top": 54.0,
            "right": 54.0,
            "bottom": 54.0,
            "left": 42.0
          }
        },
        "boxes": [
          {
            "which": "bottom-center",
            "content": {
              "counter": "decimal"
            },
            "style": {
              "font_id": 0,
              "font_family": [
                {
                  "generic": "serif"
                }
              ],
              "font_size": 9.0,
              "font_style": "normal",
              "font_weight": 400,
              "color": "#000000",
              "line_height": 1.4,
              "letter_spacing": 0.0,
              "font_variant_caps": "normal",
              "text_transform": "none",
              "text_align": "left",
              "text_justify": "inter_word",
              "hanging_punctuation": {
                "first": false,
                "end": "none",
                "last": false
              },
              "text_indent": 0.0,
              "hyphens": "none",
              "orphans": 2,
              "widows": 2,
              "page": null,
              "content": "none",
              "initial_letter": 0,
              "margin": {
                "top": 0.0,
                "right": 0.0,
                "bottom": 0.0,
                "left": 0.0
              },
              "break_before": "auto",
              "break_after": "auto",
              "break_inside": "auto"
            }
          }
        ]
      }
    },
    {
      "page": null,
      "situation": "blank",
      "style": {
        "geometry": {
          "width": 432.0,
          "height": 648.0,
          "margin": {
            "top": 54.0,
            "right": 54.0,
            "bottom": 54.0,
            "left": 42.0
          }
        },
        "boxes": [
          {
            "which": "bottom-center",
            "content": {
              "counter": "decimal"
            },
            "style": {
              "font_id": 0,
              "font_family": [
                {
                  "generic": "serif"
                }
              ],
              "font_size": 9.0,
              "font_style": "normal",
              "font_weight": 400,
              "color": "#000000",
              "line_height": 1.4,
              "letter_spacing": 0.0,
              "font_variant_caps": "normal",
              "text_transform": "none",
              "text_align": "left",
              "text_justify": "inter_word",
              "hanging_punctuation": {
                "first": false,
                "end": "none",
                "last": false
              },
              "text_indent": 0.0,
              "hyphens": "none",
              "orphans": 2,
              "widows": 2,
              "page": null,
              "content": "none",
              "initial_letter": 0,
              "margin": {
                "top": 0.0,
                "right": 0.0,
                "bottom": 0.0,
                "left": 0.0
              },
              "break_before": "auto",
              "break_after": "auto",
              "break_inside": "auto"
            }
          }
        ]
      }
    },
    {
      "page": "chapter",
      "situation": {
        "first": "recto"
      },
      "style": {
        "geometry": {
          "width": 432.0,
          "height": 648.0,
          "margin": {
            "top": 54.0,
            "right": 42.0,
            "bottom": 54.0,
            "left": 54.0
          }
        },
        "boxes": [
          {
            "which": "bottom-center",
            "content": "none",
            "style": {
              "font_id": 0,
              "font_family": [
                {
                  "generic": "serif"
                }
              ],
              "font_size": 9.0,
              "font_style": "normal",
              "font_weight": 400,
              "color": "#000000",
              "line_height": 1.4,
              "letter_spacing": 0.0,
              "font_variant_caps": "normal",
              "text_transform": "none",
              "text_align": "left",
              "text_justify": "inter_word",
              "hanging_punctuation": {
                "first": false,
                "end": "none",
                "last": false
              },
              "text_indent": 0.0,
              "hyphens": "none",
              "orphans": 2,
              "widows": 2,
              "page": null,
              "content": "none",
              "initial_letter": 0,
              "margin": {
                "top": 0.0,
                "right": 0.0,
                "bottom": 0.0,
                "left": 0.0
              },
              "break_before": "auto",
              "break_after": "auto",
              "break_inside": "auto"
            }
          }
        ]
      }
    },
    {
      "page": "chapter",
      "situation": {
        "first": "verso"
      },
      "style": {
        "geometry": {
          "width": 432.0,
          "height": 648.0,
          "margin": {
            "top": 54.0,
            "right": 54.0,
            "bottom": 54.0,
            "left": 42.0
          }
        },
        "boxes": [
          {
            "which": "bottom-center",
            "content": "none",
            "style": {
              "font_id": 0,
              "font_family": [
                {
                  "generic": "serif"
                }
              ],
              "font_size": 9.0,
              "font_style": "normal",
              "font_weight": 400,
              "color": "#000000",
              "line_height": 1.4,
              "letter_spacing": 0.0,
              "font_variant_caps": "normal",
              "text_transform": "none",
              "text_align": "left",
              "text_justify": "inter_word",
              "hanging_punctuation": {
                "first": false,
                "end": "none",
                "last": false
              },
              "text_indent": 0.0,
              "hyphens": "none",
              "orphans": 2,
              "widows": 2,
              "page": null,
              "content": "none",
              "initial_letter": 0,
              "margin": {
                "top": 0.0,
                "right": 0.0,
                "bottom": 0.0,
                "left": 0.0
              },
              "break_before": "auto",
              "break_after": "auto",
              "break_inside": "auto"
            }
          }
        ]
      }
    },
    {
      "page": "chapter",
      "situation": {
        "body": "recto"
      },
      "style": {
        "geometry": {
          "width": 432.0,
          "height": 648.0,
          "margin": {
            "top": 54.0,
            "right": 42.0,
            "bottom": 54.0,
            "left": 54.0
          }
        },
        "boxes": [
          {
            "which": "bottom-center",
            "content": {
              "counter": "decimal"
            },
            "style": {
              "font_id": 0,
              "font_family": [
                {
                  "generic": "serif"
                }
              ],
              "font_size": 9.0,
              "font_style": "normal",
              "font_weight": 400,
              "color": "#000000",
              "line_height": 1.4,
              "letter_spacing": 0.0,
              "font_variant_caps": "normal",
              "text_transform": "none",
              "text_align": "left",
              "text_justify": "inter_word",
              "hanging_punctuation": {
                "first": false,
                "end": "none",
                "last": false
              },
              "text_indent": 0.0,
              "hyphens": "none",
              "orphans": 2,
              "widows": 2,
              "page": null,
              "content": "none",
              "initial_letter": 0,
              "margin": {
                "top": 0.0,
                "right": 0.0,
                "bottom": 0.0,
                "left": 0.0
              },
              "break_before": "auto",
              "break_after": "auto",
              "break_inside": "auto"
            }
          }
        ]
      }
    },
    {
      "page": "chapter",
      "situation": {
        "body": "verso"
      },
      "style": {
        "geometry": {
          "width": 432.0,
          "height": 648.0,
          "margin": {
            "top": 54.0,
            "right": 54.0,
            "bottom": 54.0,
            "left": 42.0
          }
        },
        "boxes": [
          {
            "which": "bottom-center",
            "content": {
              "counter": "decimal"
            },
            "style": {
              "font_id": 0,
              "font_family": [
                {
                  "generic": "serif"
                }
              ],
              "font_size": 9.0,
              "font_style": "normal",
              "font_weight": 400,
              "color": "#000000",
              "line_height": 1.4,
              "letter_spacing": 0.0,
              "font_variant_caps": "normal",
              "text_transform": "none",
              "text_align": "left",
              "text_justify": "inter_word",
              "hanging_punctuation": {
                "first": false,
                "end": "none",
                "last": false
              },
              "text_indent": 0.0,
              "hyphens": "none",
              "orphans": 2,
              "widows": 2,
              "page": null,
              "content": "none",
              "initial_letter": 0,
              "margin": {
                "top": 0.0,
                "right": 0.0,
                "bottom": 0.0,
                "left": 0.0
              },
              "break_before": "auto",
              "break_after": "auto",
              "break_inside": "auto"
            }
          }
        ]
      }
    },
    {
      "page": "chapter",
      "situation": "blank",
      "style": {
        "geometry": {
          "width": 432.0,
          "height": 648.0,
          "margin": {
            "top": 54.0,
            "right": 54.0,
            "bottom": 54.0,
            "left": 42.0
          }
        },
        "boxes": [
          {
            "which": "bottom-center",
            "content": {
              "counter": "decimal"
            },
            "style": {
              "font_id": 0,
              "font_family": [
                {
                  "generic": "serif"
                }
              ],
              "font_size": 9.0,
              "font_style": "normal",
              "font_weight": 400,
              "color": "#000000",
              "line_height": 1.4,
              "letter_spacing": 0.0,
              "font_variant_caps": "normal",
              "text_transform": "none",
              "text_align": "left",
              "text_justify": "inter_word",
              "hanging_punctuation": {
                "first": false,
                "end": "none",
                "last": false
              },
              "text_indent": 0.0,
              "hyphens": "none",
              "orphans": 2,
              "widows": 2,
              "page": null,
              "content": "none",
              "initial_letter": 0,
              "margin": {
                "top": 0.0,
                "right": 0.0,
                "bottom": 0.0,
                "left": 0.0
              },
              "break_before": "auto",
              "break_after": "auto",
              "break_inside": "auto"
            }
          }
        ]
      }
    }
  ],
  "warnings": []
}
